// Jest Snapshot v1, https://goo.gl/fbAQLP

exports[`DriverHomeScreen deve corresponder ao snapshot 1`] = `
<View
  style={
    {
      "backgroundColor": "#f5f5f5",
      "flex": 1,
    }
  }
>
  <View
    style={
      {
        "position": "relative",
      }
    }
  >
    <View>
      <Text>
        iGO
      </Text>
    </View>
    <View
      style={
        {
          "height": 60,
          "justifyContent": "center",
          "position": "absolute",
          "right": 15,
          "top": 0,
        }
      }
    >
      <View
        accessibilityState={
          {
            "busy": undefined,
            "checked": undefined,
            "disabled": undefined,
            "expanded": undefined,
            "selected": undefined,
          }
        }
        accessibilityValue={
          {
            "max": undefined,
            "min": undefined,
            "now": undefined,
            "text": undefined,
          }
        }
        accessible={true}
        collapsable={false}
        focusable={true}
        onClick={[Function]}
        onResponderGrant={[Function]}
        onResponderMove={[Function]}
        onResponderRelease={[Function]}
        onResponderTerminate={[Function]}
        onResponderTerminationRequest={[Function]}
        onStartShouldSetResponder={[Function]}
        style={
          {
            "opacity": 1,
          }
        }
      >
        <Text>
          John
        </Text>
      </View>
    </View>
  </View>
  <View
    style={
      {
        "backgroundColor": "#ffffff",
        "borderRadius": 8,
        "elevation": 2,
        "margin": 10,
        "padding": 15,
        "shadowColor": "#000",
        "shadowOffset": {
          "height": 2,
          "width": 0,
        },
        "shadowOpacity": 0.1,
        "shadowRadius": 4,
      }
    }
  >
    <Text
      style={
        {
          "fontSize": 18,
          "fontWeight": "bold",
          "textAlign": "center",
        }
      }
    >
      Tela Motorista
    </Text>
    <Text
      style={
        {
          "color": "#757575",
          "fontSize": 14,
          "marginBottom": 15,
          "textAlign": "center",
        }
      }
    >
      Falta implementar
    </Text>
  </View>
</View>
`;
