// Jest Snapshot v1, https://goo.gl/fbAQLP

exports[`DriverProfileScreen deve corresponder ao snapshot 1`] = `
[
  <View
    style={
      {
        "alignItems": "center",
        "flexDirection": "row",
        "height": 50,
        "justifyContent": "space-between",
        "paddingHorizontal": 15,
      }
    }
  >
    <View
      accessibilityState={
        {
          "busy": undefined,
          "checked": undefined,
          "disabled": undefined,
          "expanded": undefined,
          "selected": undefined,
        }
      }
      accessibilityValue={
        {
          "max": undefined,
          "min": undefined,
          "now": undefined,
          "text": undefined,
        }
      }
      accessible={true}
      collapsable={false}
      focusable={true}
      onClick={[Function]}
      onResponderGrant={[Function]}
      onResponderMove={[Function]}
      onResponderRelease={[Function]}
      onResponderTerminate={[Function]}
      onResponderTerminationRequest={[Function]}
      onStartShouldSetResponder={[Function]}
      style={
        {
          "opacity": 1,
          "padding": 5,
        }
      }
    >
      <Text>
        chevron-left
      </Text>
    </View>
    <View
      accessibilityState={
        {
          "busy": undefined,
          "checked": undefined,
          "disabled": undefined,
          "expanded": undefined,
          "selected": undefined,
        }
      }
      accessibilityValue={
        {
          "max": undefined,
          "min": undefined,
          "now": undefined,
          "text": undefined,
        }
      }
      accessible={true}
      collapsable={false}
      focusable={true}
      onClick={[Function]}
      onResponderGrant={[Function]}
      onResponderMove={[Function]}
      onResponderRelease={[Function]}
      onResponderTerminate={[Function]}
      onResponderTerminationRequest={[Function]}
      onStartShouldSetResponder={[Function]}
      style={
        {
          "alignItems": "center",
          "flexDirection": "row",
          "opacity": 1,
        }
      }
    >
      <Text
        style={
          {
            "color": "#007BFF",
            "marginRight": 5,
          }
        }
      >
        Ajuda
      </Text>
      <Text>
        help-outline
      </Text>
    </View>
  </View>,
  <RCTScrollView
    style={
      {
        "flex": 1,
      }
    }
  >
    <View>
      <View
        style={
          {
            "alignItems": "center",
            "marginVertical": 20,
          }
        }
      >
        <View
          style={
            {
              "alignItems": "center",
              "backgroundColor": "#f5f5f5",
              "borderRadius": 50,
              "height": 100,
              "justifyContent": "center",
              "marginBottom": 15,
              "width": 100,
            }
          }
        >
          <View
            style={
              {
                "alignItems": "center",
                "borderRadius": 50,
                "height": 100,
                "justifyContent": "center",
                "width": 100,
              }
            }
          >
            <Text>
              person
            </Text>
          </View>
        </View>
        <Text
          style={
            {
              "fontSize": 22,
              "fontWeight": "bold",
            }
          }
        >
          John Doe
        </Text>
        <Text
          style={
            {
              "color": "#666",
              "fontSize": 16,
              "marginTop": 5,
            }
          }
        >
          Passageiro
        </Text>
      </View>
      <View
        style={
          {
            "marginBottom": 20,
            "paddingHorizontal": 20,
          }
        }
      >
        <Text
          style={
            {
              "fontSize": 16,
              "fontWeight": "bold",
              "marginBottom": 5,
              "marginTop": 15,
            }
          }
        >
          Idade:
        </Text>
        <Text
          style={
            {
              "color": "#333",
              "fontSize": 16,
            }
          }
        >
          20
        </Text>
        <Text
          style={
            {
              "fontSize": 16,
              "fontWeight": "bold",
              "marginBottom": 5,
              "marginTop": 15,
            }
          }
        >
          Telefone:
        </Text>
        <Text
          style={
            {
              "color": "#333",
              "fontSize": 16,
            }
          }
        >
          (31) 9 1234-5678
        </Text>
        <Text
          style={
            {
              "fontSize": 16,
              "fontWeight": "bold",
              "marginBottom": 5,
              "marginTop": 15,
            }
          }
        >
          Endere√ßos:
        </Text>
        <Text
          style={
            {
              "color": "#333",
              "fontSize": 16,
              "marginBottom": 5,
            }
          }
        >
          (
          Casa
          ) 
          R.
           
          12
          , 
          Bairro 1
          , 
          Ipatinga
        </Text>
        <Text
          style={
            {
              "color": "#333",
              "fontSize": 16,
              "marginBottom": 5,
            }
          }
        >
          (
          Trabalho
          ) 
          R.
           
          72
          , 
          Bairro 4
          , 
          Ipatinga
        </Text>
        <Text
          style={
            {
              "fontSize": 16,
              "fontWeight": "bold",
              "marginBottom": 5,
              "marginTop": 15,
            }
          }
        >
          Email:
        </Text>
        <Text
          style={
            {
              "color": "#333",
              "fontSize": 16,
            }
          }
        >
          johndoe@gmail.com
        </Text>
      </View>
      <View
        accessibilityState={
          {
            "busy": undefined,
            "checked": undefined,
            "disabled": undefined,
            "expanded": undefined,
            "selected": undefined,
          }
        }
        accessibilityValue={
          {
            "max": undefined,
            "min": undefined,
            "now": undefined,
            "text": undefined,
          }
        }
        accessible={true}
        collapsable={false}
        focusable={true}
        onClick={[Function]}
        onResponderGrant={[Function]}
        onResponderMove={[Function]}
        onResponderRelease={[Function]}
        onResponderTerminate={[Function]}
        onResponderTerminationRequest={[Function]}
        onStartShouldSetResponder={[Function]}
        style={
          {
            "alignItems": "center",
            "backgroundColor": "white",
            "borderColor": "#ddd",
            "borderRadius": 25,
            "borderWidth": 1,
            "marginBottom": 15,
            "marginHorizontal": 50,
            "opacity": 1,
            "paddingHorizontal": 20,
            "paddingVertical": 12,
          }
        }
      >
        <Text
          style={
            {
              "fontSize": 16,
              "fontWeight": "bold",
            }
          }
        >
          Editar Perfil
        </Text>
      </View>
      <View
        accessibilityState={
          {
            "busy": undefined,
            "checked": undefined,
            "disabled": undefined,
            "expanded": undefined,
            "selected": undefined,
          }
        }
        accessibilityValue={
          {
            "max": undefined,
            "min": undefined,
            "now": undefined,
            "text": undefined,
          }
        }
        accessible={true}
        collapsable={false}
        focusable={true}
        onClick={[Function]}
        onResponderGrant={[Function]}
        onResponderMove={[Function]}
        onResponderRelease={[Function]}
        onResponderTerminate={[Function]}
        onResponderTerminationRequest={[Function]}
        onStartShouldSetResponder={[Function]}
        style={
          {
            "alignItems": "center",
            "backgroundColor": "white",
            "borderColor": "#ddd",
            "borderRadius": 25,
            "borderWidth": 1,
            "marginBottom": 30,
            "marginHorizontal": 50,
            "opacity": 1,
            "paddingHorizontal": 20,
            "paddingVertical": 12,
          }
        }
      >
        <Text
          style={
            {
              "color": "red",
              "fontSize": 16,
              "fontWeight": "bold",
            }
          }
        >
          Sair
        </Text>
      </View>
    </View>
  </RCTScrollView>,
]
`;
