// Jest Snapshot v1, https://goo.gl/fbAQLP

exports[`PassengerHomeScreen deve corresponder ao snapshot 1`] = `
<View
  style={
    {
      "backgroundColor": "#f5f5f5",
      "flex": 1,
    }
  }
  testID="passenger-home-container"
>
  <View
    style={
      {
        "position": "relative",
      }
    }
    testID="header-container"
  >
    <View
      testID="app-header"
    >
      <Text>
        iGO
      </Text>
    </View>
    <View
      style={
        {
          "height": 60,
          "justifyContent": "center",
          "position": "absolute",
          "right": 15,
          "top": 0,
        }
      }
    >
      <View
        accessibilityState={
          {
            "busy": undefined,
            "checked": undefined,
            "disabled": undefined,
            "expanded": undefined,
            "selected": undefined,
          }
        }
        accessibilityValue={
          {
            "max": undefined,
            "min": undefined,
            "now": undefined,
            "text": undefined,
          }
        }
        accessible={true}
        collapsable={false}
        focusable={true}
        onClick={[Function]}
        onResponderGrant={[Function]}
        onResponderMove={[Function]}
        onResponderRelease={[Function]}
        onResponderTerminate={[Function]}
        onResponderTerminationRequest={[Function]}
        onStartShouldSetResponder={[Function]}
        style={
          {
            "opacity": 1,
          }
        }
        testID="user-icon"
      >
        <Text>
          John
        </Text>
      </View>
    </View>
  </View>
  <View
    style={
      {
        "backgroundColor": "#ffffff",
        "borderRadius": 8,
        "elevation": 2,
        "margin": 10,
        "padding": 15,
        "shadowColor": "#000",
        "shadowOffset": {
          "height": 2,
          "width": 0,
        },
        "shadowOpacity": 0.1,
        "shadowRadius": 4,
      }
    }
    testID="date-card"
  >
    <Text
      style={
        {
          "fontSize": 18,
          "fontWeight": "bold",
          "textAlign": "center",
        }
      }
      testID="day-text"
    >
      Segunda-Feira
    </Text>
    <Text
      style={
        {
          "color": "#757575",
          "fontSize": 14,
          "marginBottom": 15,
          "textAlign": "center",
        }
      }
      testID="date-text"
    >
      27 de Novembro de 2023
    </Text>
    <View
      testID="travel-mode-selector"
    >
      <Text>
        TravelModeSelector
      </Text>
    </View>
  </View>
  <View
    testID="status-switch"
  >
    <Text>
      Não Liberado
    </Text>
    <View
      accessibilityState={
        {
          "busy": undefined,
          "checked": undefined,
          "disabled": undefined,
          "expanded": undefined,
          "selected": undefined,
        }
      }
      accessibilityValue={
        {
          "max": undefined,
          "min": undefined,
          "now": undefined,
          "text": undefined,
        }
      }
      accessible={true}
      collapsable={false}
      focusable={true}
      onClick={[Function]}
      onResponderGrant={[Function]}
      onResponderMove={[Function]}
      onResponderRelease={[Function]}
      onResponderTerminate={[Function]}
      onResponderTerminationRequest={[Function]}
      onStartShouldSetResponder={[Function]}
      style={
        {
          "opacity": 1,
        }
      }
      testID="status-switch-help-button"
    >
      <Text>
        Ajuda
      </Text>
    </View>
  </View>
  <View
    testID="alert-box"
  >
    <Text>
      Seu motorista já iniciou o trajeto. Fique atento!
    </Text>
  </View>
  <View
    testID="map-container"
  />
  <View
    testID="bottom-user-bar"
  >
    <Text>
      John Doe
    </Text>
  </View>
</View>
`;
